
> makanmakan@2.0.0 test C:\Users\minim\OneDrive\文档\Code\platform\makanmakan
> vitest "apps/api/src/__tests__/integration/core-modules.test.ts" "-t" "Queue and Table Integration"


[1m[46m RUN [49m[22m [36mv3.2.4 [39m[90mC:/Users/minim/OneDrive/文档/Code/platform/makanmakan[39m

[90mstdout[2m | src/__tests__/integration/core-modules.test.ts
[22m[39m[queue] INFO: queue module initialized { version: [32m'2.0.0'[39m, description: [32m'Unified queue management system'[39m }

[90mstdout[2m | src/__tests__/integration/core-modules.test.ts
[22m[39m[TablesRoutes] Routes module loaded, defining routes...
[TablesRoutes] Registered POST / and POST routes for creating tables

[90mstdout[2m | src/__tests__/integration/core-modules.test.ts[2m > [22m[2mCore Modules Integration Tests
[22m[39m[SharedDataStore] Tables created successfully

[90mstdout[2m | src/__tests__/integration/core-modules.test.ts[2m > [22m[2mCore Modules Integration Tests
[22m[39m[SharedDataStore] Initialized with sql.js

[90mstdout[2m | src/__tests__/integration/core-modules.test.ts[2m > [22m[2mCore Modules Integration Tests
[22m[39m[SharedDataStore] Tables created successfully

[90mstdout[2m | src/__tests__/integration/core-modules.test.ts[2m > [22m[2mCore Modules Integration Tests
[22m[39m[SharedDataStore] Initialized with sql.js

[90mstdout[2m | src/__tests__/integration/core-modules.test.ts[2m > [22m[2mCore Modules Integration Tests
[22m[39m[createTestApp] Using DB instance: [33mtrue[39m
[createTestApp] DB has prepare: function
[createTestApp] Created inline mock Drizzle: [33mtrue[39m
[createTestApp] Registering routes...
[createTestApp] - tablesFeature type: object
[createTestApp] - tablesFeature keys: [ [32m'routes'[39m, [32m'getHealthStatus'[39m, [32m'getFeatureInfo'[39m ]
[createTestApp] - tablesFeature.routes type: object
[createTestApp] - tablesFeature.routes is Hono?: Hono
[createTestApp] - usersFeature.routes type: object
[createTestApp] - usersFeature.routes is Hono?: Hono
[authentication] INFO: authentication module initialized { version: [32m'1.0.0'[39m }
[restaurants] INFO: restaurants module initialized { version: [32m'1.0.0'[39m }
[menu] INFO: menu module initialized { version: [32m'1.0.0'[39m }
[orders] DEBUG: Orders routes mounted {
  endpoints: [
    [32m'POST /'[39m,
    [32m'GET /'[39m,
    [32m'GET /:id'[39m,
    [32m'PUT /:id/status'[39m,
    [32m'DELETE /:id'[39m,
    [32m'GET /stats'[39m,
    [32m'GET /analytics'[39m,
    [32m'POST /bulk'[39m,
    [32m'POST /export'[39m,
    [32m'GET /:id/receipt'[39m,
    [32m'GET /active'[39m,
    [32m'POST /preview-coupon'[39m
  ]
}
[orders] INFO: orders module initialized { version: [32m'1.0.0'[39m, timestamp: [32m'2025-11-09T13:52:45.802Z'[39m }
[createTestApp] Registering /tables route
[createTestApp] Registering /users route
[analytics] INFO: analytics module initialized { version: [32m'1.0.0'[39m }
[qr-codes] INFO: qr-codes module initialized { version: [32m'1.0.0'[39m }
[createTestApp] All routes registered
[createTestApp] Mounting /api/v1

[90mstdout[2m | src/__tests__/integration/core-modules.test.ts[2m > [22m[2mCore Modules Integration Tests[2m > [22m[2mQueue and Table Integration[2m > [22m[2mshould integrate queue system with table management
[22m[39m[SharedDataStore] Inserted into restaurants: [33m1[39m

[90mstdout[2m | src/__tests__/integration/core-modules.test.ts[2m > [22m[2mCore Modules Integration Tests[2m > [22m[2mQueue and Table Integration[2m > [22m[2mshould integrate queue system with table management
[22m[39m[SharedDataStore] Inserted into users: [33m1[39m

[90mstdout[2m | src/__tests__/integration/core-modules.test.ts[2m > [22m[2mCore Modules Integration Tests[2m > [22m[2mQueue and Table Integration[2m > [22m[2mshould integrate queue system with table management
[22m[39m[API_V1] POST /api/v1/tables/test-no-auth
[TablesRoutes] TEST route hit!

[90mstdout[2m | src/__tests__/integration/core-modules.test.ts[2m > [22m[2mCore Modules Integration Tests[2m > [22m[2mQueue and Table Integration[2m > [22m[2mshould integrate queue system with table management
[22m[39m[API_V1] Response status: 200

[90mstdout[2m | src/__tests__/integration/core-modules.test.ts[2m > [22m[2mCore Modules Integration Tests[2m > [22m[2mQueue and Table Integration[2m > [22m[2mshould integrate queue system with table management
[22m[39m[TEST] Test route response: [33m200[39m
[API_V1] POST /api/v1/tables/test-root-no-auth
[TablesRoutes] POST /test-root-no-auth hit!

[90mstdout[2m | src/__tests__/integration/core-modules.test.ts[2m > [22m[2mCore Modules Integration Tests[2m > [22m[2mQueue and Table Integration[2m > [22m[2mshould integrate queue system with table management
[22m[39m[API_V1] Response status: 200

[90mstdout[2m | src/__tests__/integration/core-modules.test.ts[2m > [22m[2mCore Modules Integration Tests[2m > [22m[2mQueue and Table Integration[2m > [22m[2mshould integrate queue system with table management
[22m[39m[TEST] Test root route response: [33m200[39m
[API_V1] POST /api/v1/tables/test-with-auth

[90mstdout[2m | src/__tests__/integration/core-modules.test.ts[2m > [22m[2mCore Modules Integration Tests[2m > [22m[2mQueue and Table Integration[2m > [22m[2mshould integrate queue system with table management
[22m[39m[TablesRoutes] POST /test-with-auth hit!

[90mstdout[2m | src/__tests__/integration/core-modules.test.ts[2m > [22m[2mCore Modules Integration Tests[2m > [22m[2mQueue and Table Integration[2m > [22m[2mshould integrate queue system with table management
[22m[39m[API_V1] Response status: 200

[90mstdout[2m | src/__tests__/integration/core-modules.test.ts[2m > [22m[2mCore Modules Integration Tests[2m > [22m[2mQueue and Table Integration[2m > [22m[2mshould integrate queue system with table management
[22m[39m[TEST] Test auth route response: [33m200[39m
[API_V1] GET /api/v1/tables/

[90mstdout[2m | src/__tests__/integration/core-modules.test.ts[2m > [22m[2mCore Modules Integration Tests[2m > [22m[2mQueue and Table Integration[2m > [22m[2mshould integrate queue system with table management
[22m[39m[API_V1] Response status: 404

[90mstdout[2m | src/__tests__/integration/core-modules.test.ts[2m > [22m[2mCore Modules Integration Tests[2m > [22m[2mQueue and Table Integration[2m > [22m[2mshould integrate queue system with table management
[22m[39m[TEST] GET / route response: [33m404[39m
[API_V1] POST /api/v1/tables

[90mstdout[2m | src/__tests__/integration/core-modules.test.ts[2m > [22m[2mCore Modules Integration Tests[2m > [22m[2mQueue and Table Integration[2m > [22m[2mshould integrate queue system with table management
[22m[39m[TablesRoutes] Create table handler called!
[BaseService] Using mock Drizzle instance (from env)
[MockDrizzle] where().get() - tableName: tables records: [33m0[39m

[90mstdout[2m | src/__tests__/integration/core-modules.test.ts[2m > [22m[2mCore Modules Integration Tests[2m > [22m[2mQueue and Table Integration[2m > [22m[2mshould integrate queue system with table management
[22m[39m[MockDrizzle] insert() for table: tables
[MockDrizzle] values(): {
  restaurantId: [33m1[39m,
  number: [32m'B2'[39m,
  name: [90mundefined[39m,
  capacity: [33m2[39m,
  location: [90mundefined[39m,
  floor: [33m1[39m,
  section: [90mundefined[39m,
  qrCode: [32m'https://makanmakan.com/order?data=eyJ0eXBlIjoidGFibGUiLCJyZXN0YXVyYW50SWQiOjEsInRhYmxlTnVtYmVyIjoiQjIiLCJ0aW1lc3RhbXAiOjE3NjI2OTYzNjU4NjR9'[39m,
  qrCodeVersion: [33m1[39m,
  qrMode: [32m'table'[39m,
  seatCount: [33m0[39m,
  seatNumberingStyle: [32m'numeric'[39m,
  features: [90mundefined[39m,
  isReservable: [33mtrue[39m,
  isActive: [33mtrue[39m,
  isOccupied: [33mfalse[39m
}
[MockDrizzle] returning() called
[SharedDataStore] Inserted into tables: [33m1[39m
[MockDrizzle] Stored record ID: [33m1[39m
[MockDrizzle] Returning: [
  {
    restaurantId: [33m1[39m,
    number: [32m'B2'[39m,
    name: [90mundefined[39m,
    capacity: [33m2[39m,
    location: [90mundefined[39m,
    floor: [33m1[39m,
    section: [90mundefined[39m,
    qrCode: [32m'https://makanmakan.com/order?data=eyJ0eXBlIjoidGFibGUiLCJyZXN0YXVyYW50SWQiOjEsInRhYmxlTnVtYmVyIjoiQjIiLCJ0aW1lc3RhbXAiOjE3NjI2OTYzNjU4NjR9'[39m,
    qrCodeVersion: [33m1[39m,
    qrMode: [32m'table'[39m,
    seatCount: [33m0[39m,
    seatNumberingStyle: [32m'numeric'[39m,
    features: [90mundefined[39m,
    isReservable: [33mtrue[39m,
    isActive: [33mtrue[39m,
    isOccupied: [33mfalse[39m,
    createdAt: [32m'2025-11-09T13:52:45.864Z'[39m,
    updatedAt: [32m'2025-11-09T13:52:45.864Z'[39m,
    id: [33m1[39m
  }
]

[90mstdout[2m | src/__tests__/integration/core-modules.test.ts[2m > [22m[2mCore Modules Integration Tests[2m > [22m[2mQueue and Table Integration[2m > [22m[2mshould integrate queue system with table management
[22m[39m[API_V1] Response status: 201

[90mstdout[2m | src/__tests__/integration/core-modules.test.ts[2m > [22m[2mCore Modules Integration Tests[2m > [22m[2mQueue and Table Integration[2m > [22m[2mshould integrate queue system with table management
[22m[39m[API_V1] POST /api/v1/queue/join

[90mstdout[2m | src/__tests__/integration/core-modules.test.ts[2m > [22m[2mCore Modules Integration Tests[2m > [22m[2mQueue and Table Integration[2m > [22m[2mshould integrate queue system with table management
[22m[39m[BaseService] Using mock Drizzle instance (from env)

[90mstdout[2m | src/__tests__/integration/core-modules.test.ts[2m > [22m[2mCore Modules Integration Tests[2m > [22m[2mQueue and Table Integration[2m > [22m[2mshould integrate queue system with table management
[22m[39m[API_V1] Response status: 200

[90mstdout[2m | src/__tests__/integration/core-modules.test.ts[2m > [22m[2mCore Modules Integration Tests[2m > [22m[2mQueue and Table Integration[2m > [22m[2mshould integrate queue system with table management
[22m[39m[API_V1] POST /api/v1/queue/1/call-next

[90mstdout[2m | src/__tests__/integration/core-modules.test.ts[2m > [22m[2mCore Modules Integration Tests[2m > [22m[2mQueue and Table Integration[2m > [22m[2mshould integrate queue system with table management
[22m[39m[BaseService] Using mock Drizzle instance (from env)

[90mstdout[2m | src/__tests__/integration/core-modules.test.ts[2m > [22m[2mCore Modules Integration Tests[2m > [22m[2mQueue and Table Integration[2m > [22m[2mshould integrate queue system with table management
[22m[39m[API_V1] Response status: 400

[90mstdout[2m | src/__tests__/integration/core-modules.test.ts[2m > [22m[2mCore Modules Integration Tests[2m > [22m[2mQueue and Table Integration[2m > [22m[2mshould integrate queue system with table management
[22m[39m[TEST] call-next error status: [33m400[39m
[TEST] call-next error: {
  success: [33mfalse[39m,
  error: [32m'沒有候位客戶'[39m,
  timestamp: [32m'2025-11-09T13:52:45.923Z'[39m
}

 [31m❯[39m [30m[42m @makanmakan/api [49m[39m src/__tests__/integration/core-modules.test.ts [2m([22m[2m8 tests[22m[2m | [22m[31m1 failed[39m[2m | [22m[33m7 skipped[39m[2m)[22m[32m 207[2mms[22m[39m
   [2m[90m↓[39m[22m Core Modules Integration Tests[2m > [22mRestaurant Management Integration[2m > [22mshould create restaurant with default settings and admin user
   [2m[90m↓[39m[22m Core Modules Integration Tests[2m > [22mMenu and Order Integration[2m > [22mshould create menu items and process orders end-to-end
[31m   [31m×[31m Core Modules Integration Tests[2m > [22mQueue and Table Integration[2m > [22mshould integrate queue system with table management[39m[32m 121[2mms[22m[39m
[31m     → expected 400 to be 200 // Object.is equality[39m
   [2m[90m↓[39m[22m Core Modules Integration Tests[2m > [22mAnalytics and Reporting Integration[2m > [22mshould generate analytics from order and queue data
   [2m[90m↓[39m[22m Core Modules Integration Tests[2m > [22mUser Management and Authentication Integration[2m > [22mshould manage multi-role users across modules
   [2m[90m↓[39m[22m Core Modules Integration Tests[2m > [22mReal-time Integration[2m > [22mshould handle real-time events across modules
   [2m[90m↓[39m[22m Core Modules Integration Tests[2m > [22mError Handling Integration[2m > [22mshould handle cross-module errors gracefully
   [2m[90m↓[39m[22m Core Modules Integration Tests[2m > [22mData Consistency Integration[2m > [22mshould maintain data consistency across module operations

[2m Test Files [22m [1m[31m1 failed[39m[22m[90m (1)[39m
[2m      Tests [22m [1m[31m1 failed[39m[22m[2m | [22m[33m7 skipped[39m[90m (8)[39m
[2m   Start at [22m 21:52:41
[2m   Duration [22m 4.30s[2m (transform 1.50s, setup 57ms, collect 2.75s, tests 207ms, environment 0ms, prepare 242ms)[22m

 ELIFECYCLE  Test failed. See above for more details.
